// Jest Snapshot v1, https://goo.gl/fbAQLP

exports[`test suite for Stock component expects to render a snapshot of the Stock component 1`] = `
Object {
  "asFragment": [Function],
  "baseElement": <body>
    <div>
      <h3>
        Name: Salesforce, Inc.
      </h3>
      <ul>
        <li>
          Symbol: CRM
        </li>
        <li>
          Market cap: 188680000000
        </li>
        <li>
          Sector: Technology
        </li>
        <li>
          Beta: 1.2094
        </li>
        <li>
          Price: 188.68
        </li>
        <li>
          Exchange: undefined
        </li>
        <li>
          Volume: 4379287
        </li>
        <li>
          Last annual dividend: 0
        </li>
      </ul>
    </div>
  </body>,
  "container": <div>
    <h3>
      Name: Salesforce, Inc.
    </h3>
    <ul>
      <li>
        Symbol: CRM
      </li>
      <li>
        Market cap: 188680000000
      </li>
      <li>
        Sector: Technology
      </li>
      <li>
        Beta: 1.2094
      </li>
      <li>
        Price: 188.68
      </li>
      <li>
        Exchange: undefined
      </li>
      <li>
        Volume: 4379287
      </li>
      <li>
        Last annual dividend: 0
      </li>
    </ul>
  </div>,
  "debug": [Function],
  "findAllByAltText": [Function],
  "findAllByDisplayValue": [Function],
  "findAllByLabelText": [Function],
  "findAllByPlaceholderText": [Function],
  "findAllByRole": [Function],
  "findAllByTestId": [Function],
  "findAllByText": [Function],
  "findAllByTitle": [Function],
  "findByAltText": [Function],
  "findByDisplayValue": [Function],
  "findByLabelText": [Function],
  "findByPlaceholderText": [Function],
  "findByRole": [Function],
  "findByTestId": [Function],
  "findByText": [Function],
  "findByTitle": [Function],
  "getAllByAltText": [Function],
  "getAllByDisplayValue": [Function],
  "getAllByLabelText": [Function],
  "getAllByPlaceholderText": [Function],
  "getAllByRole": [Function],
  "getAllByTestId": [Function],
  "getAllByText": [Function],
  "getAllByTitle": [Function],
  "getByAltText": [Function],
  "getByDisplayValue": [Function],
  "getByLabelText": [Function],
  "getByPlaceholderText": [Function],
  "getByRole": [Function],
  "getByTestId": [Function],
  "getByText": [Function],
  "getByTitle": [Function],
  "queryAllByAltText": [Function],
  "queryAllByDisplayValue": [Function],
  "queryAllByLabelText": [Function],
  "queryAllByPlaceholderText": [Function],
  "queryAllByRole": [Function],
  "queryAllByTestId": [Function],
  "queryAllByText": [Function],
  "queryAllByTitle": [Function],
  "queryByAltText": [Function],
  "queryByDisplayValue": [Function],
  "queryByLabelText": [Function],
  "queryByPlaceholderText": [Function],
  "queryByRole": [Function],
  "queryByTestId": [Function],
  "queryByText": [Function],
  "queryByTitle": [Function],
  "rerender": [Function],
  "unmount": [Function],
}
`;
